
> alhuda@0.1.0 build
> next build

node.exe : ΓÜá 
Warning: Next.js 
inferred your 
workspace root, but 
it may not be 
correct.
At line:1 char:1
+ & 
"C:\nodejs/node.exe" 
"C:\nodejs/node_modul
es/npm/bin/npm-cli.js
" ru ...
+ ~~~~~~~~~~~~~~~~~~~
~~~~~~~~~~~~~~~~~~~~~
~~~~~~~~~~~~~~~~~~~~~
~~~~~~~~
    + CategoryInfo   
           : NotSpe  
  cified: (ΓÜá War   
 ning: Ne...not b    
e correct.:Strin    
g) [], RemoteExc    
eption
    + FullyQualified 
   ErrorId : Native  
  CommandError
 
 We detected 
multiple lockfiles 
and selected the 
directory of 
C:\Users\Mahesh 
C\package-lock.json 
as the root 
directory.
 To silence this 
warning, set 
`turbopack.root` in 
your Next.js config, 
or consider removing 
one of the lockfiles 
if it's not needed.
   See https://nextjs
.org/docs/app/api-ref
erence/config/next-co
nfig-js/turbopack#roo
t-directory for more 
information.
 Detected additional 
lockfiles: 
   * C:\Users\Mahesh 
C\OneDrive\Desktop\al
huda\package-lock.jso
n

Γû▓ Next.js 16.1.6 (Turbopack)

  Creating an optimized production build ...

> Build error 
occurred
Error: Turbopack 
build failed with 1 
errors:
./OneDrive/Desktop/al
huda/src/components
Invalid import
'client-only' cannot 
be imported from a 
Server Component 
module. It should 
only be used from a 
Client Component.
The error was caused 
by using 
'styled-jsx'. It 
only works in a 
Client Component but 
none of its parents 
are marked with "use 
client", so they're 
Server Components by 
default.



    at ignore-listed 
frames
